0 info it worked if it ends with ok
1 verbose cli [
1 verbose cli   'C:\\Program Files\\nodejs\\node.exe',
1 verbose cli   'C:\\Users\\dtiDigital\\node_modules\\npm\\bin\\npm-cli.js',
1 verbose cli   'run',
1 verbose cli   'dev'
1 verbose cli ]
2 info using npm@2.15.12
3 info using node@v24.15.0
4 verbose run-script [ 'predev', 'dev', 'postdev' ]
5 info predev burguer-tenders@0.0.1
6 info dev burguer-tenders@0.0.1
7 verbose unsafe-perm in lifecycle true
8 info burguer-tenders@0.0.1 Failed to exec dev script
9 verbose stack Error: burguer-tenders@0.0.1 dev: `vite`
9 verbose stack Exit status 3221226505
9 verbose stack     at EventEmitter.<anonymous> (C:\Users\dtiDigital\node_modules\npm\lib\utils\lifecycle.js:217:16)
9 verbose stack     at EventEmitter.emit (node:events:509:28)
9 verbose stack     at ChildProcess.<anonymous> (C:\Users\dtiDigital\node_modules\npm\lib\utils\spawn.js:24:14)
9 verbose stack     at ChildProcess.emit (node:events:509:28)
9 verbose stack     at maybeClose (node:internal/child_process:1124:16)
9 verbose stack     at ChildProcess._handle.onexit (node:internal/child_process:306:5)
10 verbose pkgid burguer-tenders@0.0.1
11 verbose cwd C:\Users\dtiDigital\Desktop\Pessoal\BeeTees-playwright-training
12 error Windows_NT 10.0.26200
13 error argv "C:\\Program Files\\nodejs\\node.exe" "C:\\Users\\dtiDigital\\node_modules\\npm\\bin\\npm-cli.js" "run" "dev"
14 error node v24.15.0
15 error npm  v2.15.12
16 error code ELIFECYCLE
17 error burguer-tenders@0.0.1 dev: `vite`
17 error Exit status 3221226505
18 error Failed at the burguer-tenders@0.0.1 dev script 'vite'.
18 error This is most likely a problem with the burguer-tenders package,
18 error not with npm itself.
18 error Tell the author that this fails on your system:
18 error     vite
18 error You can get information on how to open an issue for this project with:
18 error     npm bugs burguer-tenders
18 error Or if that isn't available, you can get their info via:
18 error
18 error     npm owner ls burguer-tenders
18 error There is likely additional logging output above.
19 verbose exit [ 1, true ]
